// Jest Snapshot v1, https://goo.gl/fbAQLP

exports[`Test component Button should render a component 1`] = `
<Styled(button)
  0={Object {}}
  buttonSize="SMALL"
>
  Button text
</Styled(button)>
`;
