// Jest Snapshot v1, https://goo.gl/fbAQLP

exports[`Test component Slider should render a component 1`] = `ShallowWrapper {}`;
